▲ Next.js 16.2.10 (Turbopack)
- Local:         http://localhost:3000
- Network:       http://0.0.0.0:3000
✓ Ready in 1590ms

⚠ Blocked cross-origin request to Next.js dev resource /_next/webpack-hmr from "100.127.21.61".
Cross-origin access to Next.js dev resources is blocked by default for safety.

To allow this host in development, add it to "allowedDevOrigins" in next.config.js and restart the dev server:

// next.config.js
module.exports = {
  allowedDevOrigins: ['100.127.21.61'],
}

Read more: https://nextjs.org/docs/app/api-reference/config/next-config-js/allowedDevOrigins
 GET /login? 200 in 1657ms (next.js: 782ms, application-code: 875ms)
 GET /login? 200 in 48ms (next.js: 6ms, application-code: 41ms)
 GET /login? 200 in 62ms (next.js: 6ms, application-code: 56ms)
 GET /login 200 in 48ms (next.js: 5ms, application-code: 43ms)
 GET /login? 200 in 48ms (next.js: 5ms, application-code: 43ms)
 GET /login? 200 in 42ms (next.js: 5ms, application-code: 37ms)
 GET /login? 200 in 46ms (next.js: 8ms, application-code: 38ms)
 GET /login? 200 in 60ms (next.js: 5ms, application-code: 55ms)
 GET /login? 200 in 50ms (next.js: 6ms, application-code: 44ms)
^C